1.306067943572998,1.552474021911621,5.385710716247559,4.061716079711914,6.967170476913452,3.854627847671509,2.4428513937294944
181.13762521743774,